Archive member included to satisfy reference by file (symbol)

c:/program files (x86)/gnu tools arm embedded/5.3 2016q1/bin/../lib/gcc/arm-none-eabi/5.3.1/../../../../arm-none-eabi/lib/armv7-m\libc.a(lib_a-exit.o)
                              c:/program files (x86)/gnu tools arm embedded/5.3 2016q1/bin/../lib/gcc/arm-none-eabi/5.3.1/../../../../arm-none-eabi/lib/armv7-m/crt0.o (exit)
c:/program files (x86)/gnu tools arm embedded/5.3 2016q1/bin/../lib/gcc/arm-none-eabi/5.3.1/../../../../arm-none-eabi/lib/armv7-m\libc.a(lib_a-impure.o)
                              c:/program files (x86)/gnu tools arm embedded/5.3 2016q1/bin/../lib/gcc/arm-none-eabi/5.3.1/../../../../arm-none-eabi/lib/armv7-m\libc.a(lib_a-exit.o) (_global_impure_ptr)
c:/program files (x86)/gnu tools arm embedded/5.3 2016q1/bin/../lib/gcc/arm-none-eabi/5.3.1/../../../../arm-none-eabi/lib/armv7-m\libc.a(lib_a-init.o)
                              c:/program files (x86)/gnu tools arm embedded/5.3 2016q1/bin/../lib/gcc/arm-none-eabi/5.3.1/../../../../arm-none-eabi/lib/armv7-m/crt0.o (__libc_init_array)
c:/program files (x86)/gnu tools arm embedded/5.3 2016q1/bin/../lib/gcc/arm-none-eabi/5.3.1/../../../../arm-none-eabi/lib/armv7-m\libc.a(lib_a-memset.o)
                              c:/program files (x86)/gnu tools arm embedded/5.3 2016q1/bin/../lib/gcc/arm-none-eabi/5.3.1/../../../../arm-none-eabi/lib/armv7-m/crt0.o (memset)
c:/program files (x86)/gnu tools arm embedded/5.3 2016q1/bin/../lib/gcc/arm-none-eabi/5.3.1/../../../../arm-none-eabi/lib/armv7-m\libc.a(lib_a-__call_atexit.o)
                              c:/program files (x86)/gnu tools arm embedded/5.3 2016q1/bin/../lib/gcc/arm-none-eabi/5.3.1/../../../../arm-none-eabi/lib/armv7-m\libc.a(lib_a-exit.o) (__call_exitprocs)
c:/program files (x86)/gnu tools arm embedded/5.3 2016q1/bin/../lib/gcc/arm-none-eabi/5.3.1/../../../../arm-none-eabi/lib/armv7-m\libc.a(lib_a-atexit.o)
                              c:/program files (x86)/gnu tools arm embedded/5.3 2016q1/bin/../lib/gcc/arm-none-eabi/5.3.1/../../../../arm-none-eabi/lib/armv7-m\libc.a(lib_a-__call_atexit.o) (atexit)
c:/program files (x86)/gnu tools arm embedded/5.3 2016q1/bin/../lib/gcc/arm-none-eabi/5.3.1/../../../../arm-none-eabi/lib/armv7-m\libc.a(lib_a-fini.o)
                              c:/program files (x86)/gnu tools arm embedded/5.3 2016q1/bin/../lib/gcc/arm-none-eabi/5.3.1/../../../../arm-none-eabi/lib/armv7-m\libc.a(lib_a-__call_atexit.o) (__libc_fini_array)
c:/program files (x86)/gnu tools arm embedded/5.3 2016q1/bin/../lib/gcc/arm-none-eabi/5.3.1/../../../../arm-none-eabi/lib/armv7-m\libc.a(lib_a-__atexit.o)
                              c:/program files (x86)/gnu tools arm embedded/5.3 2016q1/bin/../lib/gcc/arm-none-eabi/5.3.1/../../../../arm-none-eabi/lib/armv7-m\libc.a(lib_a-atexit.o) (__register_exitproc)
c:/program files (x86)/gnu tools arm embedded/5.3 2016q1/bin/../lib/gcc/arm-none-eabi/5.3.1/../../../../arm-none-eabi/lib/armv7-m\libg.a(lib_a-errno.o)
                              ..\obj\syscalls.o (__errno)

Discarded input sections

 .text          0x00000000        0x0 c:/program files (x86)/gnu tools arm embedded/5.3 2016q1/bin/../lib/gcc/arm-none-eabi/5.3.1/armv7-m/crti.o
 .data          0x00000000        0x0 c:/program files (x86)/gnu tools arm embedded/5.3 2016q1/bin/../lib/gcc/arm-none-eabi/5.3.1/armv7-m/crti.o
 .bss           0x00000000        0x0 c:/program files (x86)/gnu tools arm embedded/5.3 2016q1/bin/../lib/gcc/arm-none-eabi/5.3.1/armv7-m/crti.o
 .data          0x00000000        0x4 c:/program files (x86)/gnu tools arm embedded/5.3 2016q1/bin/../lib/gcc/arm-none-eabi/5.3.1/armv7-m/crtbegin.o
 .text          0x00000000       0x74 c:/program files (x86)/gnu tools arm embedded/5.3 2016q1/bin/../lib/gcc/arm-none-eabi/5.3.1/../../../../arm-none-eabi/lib/armv7-m/crt0.o
 .data          0x00000000        0x0 c:/program files (x86)/gnu tools arm embedded/5.3 2016q1/bin/../lib/gcc/arm-none-eabi/5.3.1/../../../../arm-none-eabi/lib/armv7-m/crt0.o
 .bss           0x00000000        0x0 c:/program files (x86)/gnu tools arm embedded/5.3 2016q1/bin/../lib/gcc/arm-none-eabi/5.3.1/../../../../arm-none-eabi/lib/armv7-m/crt0.o
 .ARM.extab     0x00000000        0x0 c:/program files (x86)/gnu tools arm embedded/5.3 2016q1/bin/../lib/gcc/arm-none-eabi/5.3.1/../../../../arm-none-eabi/lib/armv7-m/crt0.o
 .ARM.exidx     0x00000000        0x8 c:/program files (x86)/gnu tools arm embedded/5.3 2016q1/bin/../lib/gcc/arm-none-eabi/5.3.1/../../../../arm-none-eabi/lib/armv7-m/crt0.o
 .ARM.attributes
                0x00000000       0x1b c:/program files (x86)/gnu tools arm embedded/5.3 2016q1/bin/../lib/gcc/arm-none-eabi/5.3.1/../../../../arm-none-eabi/lib/armv7-m/crt0.o
 .text          0x00000000        0x0 c:/program files (x86)/gnu tools arm embedded/5.3 2016q1/bin/../lib/gcc/arm-none-eabi/5.3.1/../../../../arm-none-eabi/lib/armv7-m\libc.a(lib_a-exit.o)
 .data          0x00000000        0x0 c:/program files (x86)/gnu tools arm embedded/5.3 2016q1/bin/../lib/gcc/arm-none-eabi/5.3.1/../../../../arm-none-eabi/lib/armv7-m\libc.a(lib_a-exit.o)
 .bss           0x00000000        0x0 c:/program files (x86)/gnu tools arm embedded/5.3 2016q1/bin/../lib/gcc/arm-none-eabi/5.3.1/../../../../arm-none-eabi/lib/armv7-m\libc.a(lib_a-exit.o)
 .text.exit     0x00000000       0x20 c:/program files (x86)/gnu tools arm embedded/5.3 2016q1/bin/../lib/gcc/arm-none-eabi/5.3.1/../../../../arm-none-eabi/lib/armv7-m\libc.a(lib_a-exit.o)
 .debug_frame   0x00000000       0x28 c:/program files (x86)/gnu tools arm embedded/5.3 2016q1/bin/../lib/gcc/arm-none-eabi/5.3.1/../../../../arm-none-eabi/lib/armv7-m\libc.a(lib_a-exit.o)
 .ARM.attributes
                0x00000000       0x2d c:/program files (x86)/gnu tools arm embedded/5.3 2016q1/bin/../lib/gcc/arm-none-eabi/5.3.1/../../../../arm-none-eabi/lib/armv7-m\libc.a(lib_a-exit.o)
 .text          0x00000000        0x0 c:/program files (x86)/gnu tools arm embedded/5.3 2016q1/bin/../lib/gcc/arm-none-eabi/5.3.1/../../../../arm-none-eabi/lib/armv7-m\libc.a(lib_a-impure.o)
 .data          0x00000000        0x0 c:/program files (x86)/gnu tools arm embedded/5.3 2016q1/bin/../lib/gcc/arm-none-eabi/5.3.1/../../../../arm-none-eabi/lib/armv7-m\libc.a(lib_a-impure.o)
 .bss           0x00000000        0x0 c:/program files (x86)/gnu tools arm embedded/5.3 2016q1/bin/../lib/gcc/arm-none-eabi/5.3.1/../../../../arm-none-eabi/lib/armv7-m\libc.a(lib_a-impure.o)
 .data._impure_ptr
                0x00000000        0x4 c:/program files (x86)/gnu tools arm embedded/5.3 2016q1/bin/../lib/gcc/arm-none-eabi/5.3.1/../../../../arm-none-eabi/lib/armv7-m\libc.a(lib_a-impure.o)
 .ARM.attributes
                0x00000000       0x2d c:/program files (x86)/gnu tools arm embedded/5.3 2016q1/bin/../lib/gcc/arm-none-eabi/5.3.1/../../../../arm-none-eabi/lib/armv7-m\libc.a(lib_a-impure.o)
 .text          0x00000000        0x0 c:/program files (x86)/gnu tools arm embedded/5.3 2016q1/bin/../lib/gcc/arm-none-eabi/5.3.1/../../../../arm-none-eabi/lib/armv7-m\libc.a(lib_a-init.o)
 .data          0x00000000        0x0 c:/program files (x86)/gnu tools arm embedded/5.3 2016q1/bin/../lib/gcc/arm-none-eabi/5.3.1/../../../../arm-none-eabi/lib/armv7-m\libc.a(lib_a-init.o)
 .bss           0x00000000        0x0 c:/program files (x86)/gnu tools arm embedded/5.3 2016q1/bin/../lib/gcc/arm-none-eabi/5.3.1/../../../../arm-none-eabi/lib/armv7-m\libc.a(lib_a-init.o)
 .debug_frame   0x00000000       0x2c c:/program files (x86)/gnu tools arm embedded/5.3 2016q1/bin/../lib/gcc/arm-none-eabi/5.3.1/../../../../arm-none-eabi/lib/armv7-m\libc.a(lib_a-init.o)
 .ARM.attributes
                0x00000000       0x2d c:/program files (x86)/gnu tools arm embedded/5.3 2016q1/bin/../lib/gcc/arm-none-eabi/5.3.1/../../../../arm-none-eabi/lib/armv7-m\libc.a(lib_a-init.o)
 .text          0x00000000        0x0 c:/program files (x86)/gnu tools arm embedded/5.3 2016q1/bin/../lib/gcc/arm-none-eabi/5.3.1/../../../../arm-none-eabi/lib/armv7-m\libc.a(lib_a-memset.o)
 .data          0x00000000        0x0 c:/program files (x86)/gnu tools arm embedded/5.3 2016q1/bin/../lib/gcc/arm-none-eabi/5.3.1/../../../../arm-none-eabi/lib/armv7-m\libc.a(lib_a-memset.o)
 .bss           0x00000000        0x0 c:/program files (x86)/gnu tools arm embedded/5.3 2016q1/bin/../lib/gcc/arm-none-eabi/5.3.1/../../../../arm-none-eabi/lib/armv7-m\libc.a(lib_a-memset.o)
 .text.memset   0x00000000       0x9c c:/program files (x86)/gnu tools arm embedded/5.3 2016q1/bin/../lib/gcc/arm-none-eabi/5.3.1/../../../../arm-none-eabi/lib/armv7-m\libc.a(lib_a-memset.o)
 .debug_frame   0x00000000       0x34 c:/program files (x86)/gnu tools arm embedded/5.3 2016q1/bin/../lib/gcc/arm-none-eabi/5.3.1/../../../../arm-none-eabi/lib/armv7-m\libc.a(lib_a-memset.o)
 .ARM.attributes
                0x00000000       0x2d c:/program files (x86)/gnu tools arm embedded/5.3 2016q1/bin/../lib/gcc/arm-none-eabi/5.3.1/../../../../arm-none-eabi/lib/armv7-m\libc.a(lib_a-memset.o)
 .text          0x00000000        0x0 c:/program files (x86)/gnu tools arm embedded/5.3 2016q1/bin/../lib/gcc/arm-none-eabi/5.3.1/../../../../arm-none-eabi/lib/armv7-m\libc.a(lib_a-__call_atexit.o)
 .data          0x00000000        0x0 c:/program files (x86)/gnu tools arm embedded/5.3 2016q1/bin/../lib/gcc/arm-none-eabi/5.3.1/../../../../arm-none-eabi/lib/armv7-m\libc.a(lib_a-__call_atexit.o)
 .bss           0x00000000        0x0 c:/program files (x86)/gnu tools arm embedded/5.3 2016q1/bin/../lib/gcc/arm-none-eabi/5.3.1/../../../../arm-none-eabi/lib/armv7-m\libc.a(lib_a-__call_atexit.o)
 .text.__call_exitprocs
                0x00000000       0xd8 c:/program files (x86)/gnu tools arm embedded/5.3 2016q1/bin/../lib/gcc/arm-none-eabi/5.3.1/../../../../arm-none-eabi/lib/armv7-m\libc.a(lib_a-__call_atexit.o)
 .debug_frame   0x00000000       0x50 c:/program files (x86)/gnu tools arm embedded/5.3 2016q1/bin/../lib/gcc/arm-none-eabi/5.3.1/../../../../arm-none-eabi/lib/armv7-m\libc.a(lib_a-__call_atexit.o)
 .ARM.attributes
                0x00000000       0x2d c:/program files (x86)/gnu tools arm embedded/5.3 2016q1/bin/../lib/gcc/arm-none-eabi/5.3.1/../../../../arm-none-eabi/lib/armv7-m\libc.a(lib_a-__call_atexit.o)
 .text          0x00000000        0x0 c:/program files (x86)/gnu tools arm embedded/5.3 2016q1/bin/../lib/gcc/arm-none-eabi/5.3.1/../../../../arm-none-eabi/lib/armv7-m\libc.a(lib_a-atexit.o)
 .data          0x00000000        0x0 c:/program files (x86)/gnu tools arm embedded/5.3 2016q1/bin/../lib/gcc/arm-none-eabi/5.3.1/../../../../arm-none-eabi/lib/armv7-m\libc.a(lib_a-atexit.o)
 .bss           0x00000000        0x0 c:/program files (x86)/gnu tools arm embedded/5.3 2016q1/bin/../lib/gcc/arm-none-eabi/5.3.1/../../../../arm-none-eabi/lib/armv7-m\libc.a(lib_a-atexit.o)
 .debug_frame   0x00000000       0x20 c:/program files (x86)/gnu tools arm embedded/5.3 2016q1/bin/../lib/gcc/arm-none-eabi/5.3.1/../../../../arm-none-eabi/lib/armv7-m\libc.a(lib_a-atexit.o)
 .ARM.attributes
                0x00000000       0x2d c:/program files (x86)/gnu tools arm embedded/5.3 2016q1/bin/../lib/gcc/arm-none-eabi/5.3.1/../../../../arm-none-eabi/lib/armv7-m\libc.a(lib_a-atexit.o)
 .text          0x00000000        0x0 c:/program files (x86)/gnu tools arm embedded/5.3 2016q1/bin/../lib/gcc/arm-none-eabi/5.3.1/../../../../arm-none-eabi/lib/armv7-m\libc.a(lib_a-fini.o)
 .data          0x00000000        0x0 c:/program files (x86)/gnu tools arm embedded/5.3 2016q1/bin/../lib/gcc/arm-none-eabi/5.3.1/../../../../arm-none-eabi/lib/armv7-m\libc.a(lib_a-fini.o)
 .bss           0x00000000        0x0 c:/program files (x86)/gnu tools arm embedded/5.3 2016q1/bin/../lib/gcc/arm-none-eabi/5.3.1/../../../../arm-none-eabi/lib/armv7-m\libc.a(lib_a-fini.o)
 .debug_frame   0x00000000       0x34 c:/program files (x86)/gnu tools arm embedded/5.3 2016q1/bin/../lib/gcc/arm-none-eabi/5.3.1/../../../../arm-none-eabi/lib/armv7-m\libc.a(lib_a-fini.o)
 .ARM.attributes
                0x00000000       0x2d c:/program files (x86)/gnu tools arm embedded/5.3 2016q1/bin/../lib/gcc/arm-none-eabi/5.3.1/../../../../arm-none-eabi/lib/armv7-m\libc.a(lib_a-fini.o)
 .text          0x00000000        0x0 c:/program files (x86)/gnu tools arm embedded/5.3 2016q1/bin/../lib/gcc/arm-none-eabi/5.3.1/../../../../arm-none-eabi/lib/armv7-m\libc.a(lib_a-__atexit.o)
 .data          0x00000000        0x0 c:/program files (x86)/gnu tools arm embedded/5.3 2016q1/bin/../lib/gcc/arm-none-eabi/5.3.1/../../../../arm-none-eabi/lib/armv7-m\libc.a(lib_a-__atexit.o)
 .bss           0x00000000        0x0 c:/program files (x86)/gnu tools arm embedded/5.3 2016q1/bin/../lib/gcc/arm-none-eabi/5.3.1/../../../../arm-none-eabi/lib/armv7-m\libc.a(lib_a-__atexit.o)
 .debug_frame   0x00000000       0x34 c:/program files (x86)/gnu tools arm embedded/5.3 2016q1/bin/../lib/gcc/arm-none-eabi/5.3.1/../../../../arm-none-eabi/lib/armv7-m\libc.a(lib_a-__atexit.o)
 .ARM.attributes
                0x00000000       0x2d c:/program files (x86)/gnu tools arm embedded/5.3 2016q1/bin/../lib/gcc/arm-none-eabi/5.3.1/../../../../arm-none-eabi/lib/armv7-m\libc.a(lib_a-__atexit.o)
 .text          0x00000000      0x908 ..\obj\stm32f10x_usart.o
 .data          0x00000000        0x0 ..\obj\stm32f10x_usart.o
 .bss           0x00000000        0x0 ..\obj\stm32f10x_usart.o
 .debug_info    0x00000000      0xa09 ..\obj\stm32f10x_usart.o
 .debug_abbrev  0x00000000      0x16d ..\obj\stm32f10x_usart.o
 .debug_aranges
                0x00000000       0x20 ..\obj\stm32f10x_usart.o
 .debug_line    0x00000000      0x319 ..\obj\stm32f10x_usart.o
 .debug_str     0x00000000      0x6ab ..\obj\stm32f10x_usart.o
 .comment       0x00000000       0x6f ..\obj\stm32f10x_usart.o
 .debug_frame   0x00000000      0x490 ..\obj\stm32f10x_usart.o
 .ARM.attributes
                0x00000000       0x33 ..\obj\stm32f10x_usart.o
 .data          0x00000000        0x0 ..\obj\stm32f10x_gpio.o
 .bss           0x00000000        0x0 ..\obj\stm32f10x_gpio.o
 .text          0x00000000      0x270 ..\obj\syscalls.o
 .data          0x00000000        0x4 ..\obj\syscalls.o
 .bss           0x00000000        0x8 ..\obj\syscalls.o
 .debug_info    0x00000000      0x663 ..\obj\syscalls.o
 .debug_abbrev  0x00000000      0x174 ..\obj\syscalls.o
 .debug_aranges
                0x00000000       0x20 ..\obj\syscalls.o
 .debug_line    0x00000000      0x174 ..\obj\syscalls.o
 .debug_str     0x00000000      0x3c2 ..\obj\syscalls.o
 .comment       0x00000000       0x6f ..\obj\syscalls.o
 .debug_frame   0x00000000      0x2d4 ..\obj\syscalls.o
 .ARM.attributes
                0x00000000       0x33 ..\obj\syscalls.o
 .text          0x00000000       0x14 ..\obj\startup_stm32f103xb.o
 .data          0x00000000        0x0 ..\obj\startup_stm32f103xb.o
 .bss           0x00000000        0x0 ..\obj\startup_stm32f103xb.o
 .bss           0x00000000        0x0 ..\obj\stm32f10x_rcc.o
 .bss           0x00000000        0x0 ..\obj\system_stm32f1xx.o
 .data          0x00000000        0x0 ..\obj\main.o
 .bss           0x00000000        0x0 ..\obj\main.o
 .data          0x00000000        0x0 ..\obj\stm32f10x_spi.o
 .bss           0x00000000        0x0 ..\obj\stm32f10x_spi.o
 .text          0x00000000        0x0 c:/program files (x86)/gnu tools arm embedded/5.3 2016q1/bin/../lib/gcc/arm-none-eabi/5.3.1/../../../../arm-none-eabi/lib/armv7-m\libg.a(lib_a-errno.o)
 .data          0x00000000        0x0 c:/program files (x86)/gnu tools arm embedded/5.3 2016q1/bin/../lib/gcc/arm-none-eabi/5.3.1/../../../../arm-none-eabi/lib/armv7-m\libg.a(lib_a-errno.o)
 .bss           0x00000000        0x0 c:/program files (x86)/gnu tools arm embedded/5.3 2016q1/bin/../lib/gcc/arm-none-eabi/5.3.1/../../../../arm-none-eabi/lib/armv7-m\libg.a(lib_a-errno.o)
 .text.__errno  0x00000000        0xc c:/program files (x86)/gnu tools arm embedded/5.3 2016q1/bin/../lib/gcc/arm-none-eabi/5.3.1/../../../../arm-none-eabi/lib/armv7-m\libg.a(lib_a-errno.o)
 .debug_frame   0x00000000       0x20 c:/program files (x86)/gnu tools arm embedded/5.3 2016q1/bin/../lib/gcc/arm-none-eabi/5.3.1/../../../../arm-none-eabi/lib/armv7-m\libg.a(lib_a-errno.o)
 .ARM.attributes
                0x00000000       0x2d c:/program files (x86)/gnu tools arm embedded/5.3 2016q1/bin/../lib/gcc/arm-none-eabi/5.3.1/../../../../arm-none-eabi/lib/armv7-m\libg.a(lib_a-errno.o)
 .text          0x00000000        0x0 c:/program files (x86)/gnu tools arm embedded/5.3 2016q1/bin/../lib/gcc/arm-none-eabi/5.3.1/armv7-m/crtend.o
 .data          0x00000000        0x0 c:/program files (x86)/gnu tools arm embedded/5.3 2016q1/bin/../lib/gcc/arm-none-eabi/5.3.1/armv7-m/crtend.o
 .bss           0x00000000        0x0 c:/program files (x86)/gnu tools arm embedded/5.3 2016q1/bin/../lib/gcc/arm-none-eabi/5.3.1/armv7-m/crtend.o
 .eh_frame      0x00000000        0x4 c:/program files (x86)/gnu tools arm embedded/5.3 2016q1/bin/../lib/gcc/arm-none-eabi/5.3.1/armv7-m/crtend.o
 .jcr           0x00000000        0x4 c:/program files (x86)/gnu tools arm embedded/5.3 2016q1/bin/../lib/gcc/arm-none-eabi/5.3.1/armv7-m/crtend.o
 .ARM.attributes
                0x00000000       0x2d c:/program files (x86)/gnu tools arm embedded/5.3 2016q1/bin/../lib/gcc/arm-none-eabi/5.3.1/armv7-m/crtend.o
 .text          0x00000000        0x0 c:/program files (x86)/gnu tools arm embedded/5.3 2016q1/bin/../lib/gcc/arm-none-eabi/5.3.1/armv7-m/crtn.o
 .data          0x00000000        0x0 c:/program files (x86)/gnu tools arm embedded/5.3 2016q1/bin/../lib/gcc/arm-none-eabi/5.3.1/armv7-m/crtn.o
 .bss           0x00000000        0x0 c:/program files (x86)/gnu tools arm embedded/5.3 2016q1/bin/../lib/gcc/arm-none-eabi/5.3.1/armv7-m/crtn.o

Memory Configuration

Name             Origin             Length             Attributes
FLASH            0x08000000         0x00010000         xr
RAM              0x20000000         0x00005000         xrw
*default*        0x00000000         0xffffffff

Linker script and memory map

LOAD c:/program files (x86)/gnu tools arm embedded/5.3 2016q1/bin/../lib/gcc/arm-none-eabi/5.3.1/armv7-m/crti.o
LOAD c:/program files (x86)/gnu tools arm embedded/5.3 2016q1/bin/../lib/gcc/arm-none-eabi/5.3.1/armv7-m/crtbegin.o
LOAD c:/program files (x86)/gnu tools arm embedded/5.3 2016q1/bin/../lib/gcc/arm-none-eabi/5.3.1/../../../../arm-none-eabi/lib/armv7-m/crt0.o
                0x20004fff                _estack = 0x20004fff
                0x00000200                _Min_Heap_Size = 0x200
                0x00000400                _Min_Stack_Size = 0x400

.isr_vector     0x08000000      0x10c
                0x08000000                . = ALIGN (0x4)
 *(.isr_vector)
 .isr_vector    0x08000000      0x10c ..\obj\startup_stm32f103xb.o
                0x08000000                g_pfnVectors
                0x0800010c                . = ALIGN (0x4)

.text           0x0800010c     0x1a5c
                0x0800010c                . = ALIGN (0x4)
 *(.text)
 .text          0x0800010c       0x5c c:/program files (x86)/gnu tools arm embedded/5.3 2016q1/bin/../lib/gcc/arm-none-eabi/5.3.1/armv7-m/crtbegin.o
 .text          0x08000168      0x5e8 ..\obj\stm32f10x_gpio.o
                0x08000168                GPIO_DeInit
                0x0800024c                GPIO_AFIODeInit
                0x08000264                GPIO_Init
                0x080003dc                GPIO_StructInit
                0x08000404                GPIO_ReadInputDataBit
                0x08000438                GPIO_ReadInputData
                0x08000450                GPIO_ReadOutputDataBit
                0x08000484                GPIO_ReadOutputData
                0x0800049c                GPIO_SetBits
                0x080004b8                GPIO_ResetBits
                0x080004d4                GPIO_WriteBit
                0x08000504                GPIO_Write
                0x08000520                GPIO_PinLockConfig
                0x08000564                GPIO_EventOutputConfig
                0x080005b0                GPIO_EventOutputCmd
                0x080005d0                GPIO_PinRemapConfig
                0x080006b0                GPIO_EXTILineConfig
                0x08000734                GPIO_ETH_MediaInterfaceConfig
 .text          0x08000750      0x7d0 ..\obj\stm32f10x_rcc.o
                0x08000750                RCC_DeInit
                0x080007ac                RCC_HSEConfig
                0x08000808                RCC_WaitForHSEStartUp
                0x08000858                RCC_AdjustHSICalibrationValue
                0x08000894                RCC_HSICmd
                0x080008b4                RCC_PLLConfig
                0x080008f0                RCC_PLLCmd
                0x08000910                RCC_SYSCLKConfig
                0x08000948                RCC_GetSYSCLKSource
                0x08000964                RCC_HCLKConfig
                0x0800099c                RCC_PCLK1Config
                0x080009d4                RCC_PCLK2Config
                0x08000a0c                RCC_ITConfig
                0x08000a58                RCC_USBCLKConfig
                0x08000a74                RCC_ADCCLKConfig
                0x08000aac                RCC_LSEConfig
                0x08000aec                RCC_LSICmd
                0x08000b0c                RCC_RTCCLKConfig
                0x08000b30                RCC_RTCCLKCmd
                0x08000b50                RCC_GetClocksFreq
                0x08000cb0                RCC_AHBPeriphClockCmd
                0x08000cec                RCC_APB2PeriphClockCmd
                0x08000d28                RCC_APB1PeriphClockCmd
                0x08000d64                RCC_APB2PeriphResetCmd
                0x08000da0                RCC_APB1PeriphResetCmd
                0x08000ddc                RCC_BackupResetCmd
                0x08000dfc                RCC_ClockSecuritySystemCmd
                0x08000e1c                RCC_MCOConfig
                0x08000e3c                RCC_GetFlagStatus
                0x08000eb0                RCC_ClearFlag
                0x08000ecc                RCC_GetITStatus
                0x08000f00                RCC_ClearITPendingBit
 .text          0x08000f20      0x140 ..\obj\system_stm32f1xx.o
                0x08000f20                SystemInit
                0x08000f88                SystemCoreClockUpdate
 .text          0x08001060      0x280 ..\obj\main.o
                0x08001060                GPIO_conf
                0x08001094                rxOnlyMode
                0x080010d4                enableSPI
                0x08001114                SPI_conf
                0x080011a8                main
 .text          0x080012e0      0x6e8 ..\obj\stm32f10x_spi.o
                0x080012e0                SPI_I2S_DeInit
                0x08001354                SPI_Init
                0x080013dc                I2S_Init
                0x08001544                SPI_StructInit
                0x0800158c                I2S_StructInit
                0x080015c4                SPI_Cmd
                0x08001604                I2S_Cmd
                0x08001644                SPI_I2S_ITConfig
                0x080016a4                SPI_I2S_DMACmd
                0x080016ec                SPI_I2S_SendData
                0x08001708                SPI_I2S_ReceiveData
                0x08001720                SPI_NSSInternalSoftwareConfig
                0x08001764                SPI_SSOutputCmd
                0x080017a4                SPI_DataSizeConfig
                0x080017dc                SPI_TransmitCRC
                0x08001800                SPI_CalculateCRC
                0x08001840                SPI_GetCRC
                0x08001870                SPI_GetCRCPolynomial
                0x08001888                SPI_BiDirectionalLineConfig
                0x080018c8                SPI_I2S_GetFlagStatus
                0x08001900                SPI_I2S_ClearFlag
                0x08001920                SPI_I2S_GetITStatus
                0x08001994                SPI_I2S_ClearITPendingBit
 *(.text*)
 .text.__libc_init_array
                0x080019c8       0x50 c:/program files (x86)/gnu tools arm embedded/5.3 2016q1/bin/../lib/gcc/arm-none-eabi/5.3.1/../../../../arm-none-eabi/lib/armv7-m\libc.a(lib_a-init.o)
                0x080019c8                __libc_init_array
 .text.startup.register_fini
                0x08001a18       0x14 c:/program files (x86)/gnu tools arm embedded/5.3 2016q1/bin/../lib/gcc/arm-none-eabi/5.3.1/../../../../arm-none-eabi/lib/armv7-m\libc.a(lib_a-__call_atexit.o)
 .text.atexit   0x08001a2c        0xc c:/program files (x86)/gnu tools arm embedded/5.3 2016q1/bin/../lib/gcc/arm-none-eabi/5.3.1/../../../../arm-none-eabi/lib/armv7-m\libc.a(lib_a-atexit.o)
                0x08001a2c                atexit
 .text.__libc_fini_array
                0x08001a38       0x28 c:/program files (x86)/gnu tools arm embedded/5.3 2016q1/bin/../lib/gcc/arm-none-eabi/5.3.1/../../../../arm-none-eabi/lib/armv7-m\libc.a(lib_a-fini.o)
                0x08001a38                __libc_fini_array
 .text.__register_exitproc
                0x08001a60       0xa4 c:/program files (x86)/gnu tools arm embedded/5.3 2016q1/bin/../lib/gcc/arm-none-eabi/5.3.1/../../../../arm-none-eabi/lib/armv7-m\libc.a(lib_a-__atexit.o)
                0x08001a60                __register_exitproc
 .text.Reset_Handler
                0x08001b04       0x48 ..\obj\startup_stm32f103xb.o
                0x08001b04                Reset_Handler
 .text.Default_Handler
                0x08001b4c        0x2 ..\obj\startup_stm32f103xb.o
                0x08001b4c                RTC_Alarm_IRQHandler
                0x08001b4c                EXTI2_IRQHandler
                0x08001b4c                DebugMon_Handler
                0x08001b4c                TIM1_CC_IRQHandler
                0x08001b4c                HardFault_Handler
                0x08001b4c                SysTick_Handler
                0x08001b4c                PVD_IRQHandler
                0x08001b4c                PendSV_Handler
                0x08001b4c                NMI_Handler
                0x08001b4c                EXTI3_IRQHandler
                0x08001b4c                EXTI0_IRQHandler
                0x08001b4c                I2C2_EV_IRQHandler
                0x08001b4c                UsageFault_Handler
                0x08001b4c                ADC1_2_IRQHandler
                0x08001b4c                SPI1_IRQHandler
                0x08001b4c                TAMPER_IRQHandler
                0x08001b4c                DMA1_Channel4_IRQHandler
                0x08001b4c                USART3_IRQHandler
                0x08001b4c                RTC_IRQHandler
                0x08001b4c                DMA1_Channel7_IRQHandler
                0x08001b4c                CAN1_RX1_IRQHandler
                0x08001b4c                TIM4_IRQHandler
                0x08001b4c                I2C1_EV_IRQHandler
                0x08001b4c                DMA1_Channel6_IRQHandler
                0x08001b4c                TIM3_IRQHandler
                0x08001b4c                RCC_IRQHandler
                0x08001b4c                TIM1_TRG_COM_IRQHandler
                0x08001b4c                DMA1_Channel1_IRQHandler
                0x08001b4c                Default_Handler
                0x08001b4c                EXTI15_10_IRQHandler
                0x08001b4c                EXTI9_5_IRQHandler
                0x08001b4c                SPI2_IRQHandler
                0x08001b4c                MemManage_Handler
                0x08001b4c                SVC_Handler
                0x08001b4c                DMA1_Channel5_IRQHandler
                0x08001b4c                EXTI4_IRQHandler
                0x08001b4c                USB_LP_CAN1_RX0_IRQHandler
                0x08001b4c                USB_HP_CAN1_TX_IRQHandler
                0x08001b4c                DMA1_Channel3_IRQHandler
                0x08001b4c                TIM1_UP_IRQHandler
                0x08001b4c                WWDG_IRQHandler
                0x08001b4c                TIM2_IRQHandler
                0x08001b4c                TIM1_BRK_IRQHandler
                0x08001b4c                EXTI1_IRQHandler
                0x08001b4c                USART2_IRQHandler
                0x08001b4c                I2C2_ER_IRQHandler
                0x08001b4c                DMA1_Channel2_IRQHandler
                0x08001b4c                CAN1_SCE_IRQHandler
                0x08001b4c                FLASH_IRQHandler
                0x08001b4c                BusFault_Handler
                0x08001b4c                USART1_IRQHandler
                0x08001b4c                I2C1_ER_IRQHandler
                0x08001b4c                USBWakeUp_IRQHandler
 *(.glue_7)
 .glue_7        0x08001b4e        0x0 linker stubs
 *(.glue_7t)
 .glue_7t       0x08001b4e        0x0 linker stubs
 *(.eh_frame)
 *fill*         0x08001b4e        0x2 
 .eh_frame      0x08001b50        0x0 c:/program files (x86)/gnu tools arm embedded/5.3 2016q1/bin/../lib/gcc/arm-none-eabi/5.3.1/armv7-m/crtbegin.o
 *(.init)
 .init          0x08001b50        0x4 c:/program files (x86)/gnu tools arm embedded/5.3 2016q1/bin/../lib/gcc/arm-none-eabi/5.3.1/armv7-m/crti.o
                0x08001b50                _init
 .init          0x08001b54        0x8 c:/program files (x86)/gnu tools arm embedded/5.3 2016q1/bin/../lib/gcc/arm-none-eabi/5.3.1/armv7-m/crtn.o
 *(.fini)
 .fini          0x08001b5c        0x4 c:/program files (x86)/gnu tools arm embedded/5.3 2016q1/bin/../lib/gcc/arm-none-eabi/5.3.1/armv7-m/crti.o
                0x08001b5c                _fini
 .fini          0x08001b60        0x8 c:/program files (x86)/gnu tools arm embedded/5.3 2016q1/bin/../lib/gcc/arm-none-eabi/5.3.1/armv7-m/crtn.o
                0x08001b68                . = ALIGN (0x4)
                0x08001b68                _etext = .

.vfp11_veneer   0x08001b68        0x0
 .vfp11_veneer  0x08001b68        0x0 linker stubs

.v4_bx          0x08001b68        0x0
 .v4_bx         0x08001b68        0x0 linker stubs

.iplt           0x08001b68        0x0
 .iplt          0x08001b68        0x0 c:/program files (x86)/gnu tools arm embedded/5.3 2016q1/bin/../lib/gcc/arm-none-eabi/5.3.1/armv7-m/crtbegin.o

.rodata         0x08001b68       0x18
                0x08001b68                . = ALIGN (0x4)
 *(.rodata)
 .rodata        0x08001b68       0x10 ..\obj\system_stm32f1xx.o
                0x08001b68                AHBPrescTable
 *(.rodata*)
 .rodata.str1.4
                0x08001b78        0x4 c:/program files (x86)/gnu tools arm embedded/5.3 2016q1/bin/../lib/gcc/arm-none-eabi/5.3.1/../../../../arm-none-eabi/lib/armv7-m\libc.a(lib_a-impure.o)
                                  0x2 (size before relaxing)
 .rodata._global_impure_ptr
                0x08001b7c        0x4 c:/program files (x86)/gnu tools arm embedded/5.3 2016q1/bin/../lib/gcc/arm-none-eabi/5.3.1/../../../../arm-none-eabi/lib/armv7-m\libc.a(lib_a-impure.o)
                0x08001b7c                _global_impure_ptr
                0x08001b80                . = ALIGN (0x4)

.rel.dyn        0x08001b80        0x0
 .rel.iplt      0x08001b80        0x0 c:/program files (x86)/gnu tools arm embedded/5.3 2016q1/bin/../lib/gcc/arm-none-eabi/5.3.1/armv7-m/crtbegin.o

.ARM.extab
 *(.ARM.extab* .gnu.linkonce.armextab.*)

.ARM            0x08001b80        0x0
                0x08001b80                __exidx_start = .
 *(.ARM.exidx*)
                0x08001b80                __exidx_end = .

.preinit_array  0x08001b80        0x0
                0x08001b80                PROVIDE (__preinit_array_start, .)
 *(.preinit_array*)
                0x08001b80                PROVIDE (__preinit_array_end, .)

.init_array     0x08001b80        0x8
                0x08001b80                PROVIDE (__init_array_start, .)
 *(SORT(.init_array.*))
 .init_array.00000
                0x08001b80        0x4 c:/program files (x86)/gnu tools arm embedded/5.3 2016q1/bin/../lib/gcc/arm-none-eabi/5.3.1/../../../../arm-none-eabi/lib/armv7-m\libc.a(lib_a-__call_atexit.o)
 *(.init_array*)
 .init_array    0x08001b84        0x4 c:/program files (x86)/gnu tools arm embedded/5.3 2016q1/bin/../lib/gcc/arm-none-eabi/5.3.1/armv7-m/crtbegin.o
                0x08001b88                PROVIDE (__init_array_end, .)

.fini_array     0x08001b88        0x4
                0x08001b88                PROVIDE (__fini_array_start, .)
 *(SORT(.fini_array.*))
 *(.fini_array*)
 .fini_array    0x08001b88        0x4 c:/program files (x86)/gnu tools arm embedded/5.3 2016q1/bin/../lib/gcc/arm-none-eabi/5.3.1/armv7-m/crtbegin.o
                0x08001b8c                PROVIDE (__fini_array_end, .)
                0x08001b8c                _sidata = LOADADDR (.data)

.data           0x20000000      0x440 load address 0x08001b8c
                0x20000000                . = ALIGN (0x4)
                0x20000000                _sdata = .
 *(.data)
 .data          0x20000000       0x14 ..\obj\stm32f10x_rcc.o
 .data          0x20000014        0x4 ..\obj\system_stm32f1xx.o
                0x20000014                SystemCoreClock
 *(.data*)
 .data.impure_data
                0x20000018      0x428 c:/program files (x86)/gnu tools arm embedded/5.3 2016q1/bin/../lib/gcc/arm-none-eabi/5.3.1/../../../../arm-none-eabi/lib/armv7-m\libc.a(lib_a-impure.o)
                0x20000440                . = ALIGN (0x4)
                0x20000440                _edata = .

.jcr            0x20000440        0x0 load address 0x08001fcc
 .jcr           0x20000440        0x0 c:/program files (x86)/gnu tools arm embedded/5.3 2016q1/bin/../lib/gcc/arm-none-eabi/5.3.1/armv7-m/crtbegin.o

.igot.plt       0x20000440        0x0 load address 0x08001fcc
 .igot.plt      0x20000440        0x0 c:/program files (x86)/gnu tools arm embedded/5.3 2016q1/bin/../lib/gcc/arm-none-eabi/5.3.1/armv7-m/crtbegin.o
                0x20000440                . = ALIGN (0x4)

.bss            0x20000440       0x1c load address 0x08001fcc
                0x20000440                _sbss = .
                0x20000440                __bss_start__ = _sbss
 *(.bss)
 .bss           0x20000440       0x1c c:/program files (x86)/gnu tools arm embedded/5.3 2016q1/bin/../lib/gcc/arm-none-eabi/5.3.1/armv7-m/crtbegin.o
 *(.bss*)
 *(COMMON)
                0x2000045c                . = ALIGN (0x4)
                0x2000045c                _ebss = .
                0x2000045c                __bss_end__ = _ebss

._user_heap_stack
                0x2000045c      0x600 load address 0x08001fcc
                0x2000045c                . = ALIGN (0x4)
                0x2000045c                PROVIDE (end, .)
                [!provide]                PROVIDE (_end, .)
                0x2000065c                . = (. + _Min_Heap_Size)
 *fill*         0x2000045c      0x200 
                0x20000a5c                . = (. + _Min_Stack_Size)
 *fill*         0x2000065c      0x400 
                0x20000a5c                . = ALIGN (0x4)

/DISCARD/
 libc.a(*)
 libm.a(*)
 libgcc.a(*)

.ARM.attributes
                0x00000000       0x29
 *(.ARM.attributes)
 .ARM.attributes
                0x00000000       0x1d c:/program files (x86)/gnu tools arm embedded/5.3 2016q1/bin/../lib/gcc/arm-none-eabi/5.3.1/armv7-m/crti.o
 .ARM.attributes
                0x0000001d       0x2d c:/program files (x86)/gnu tools arm embedded/5.3 2016q1/bin/../lib/gcc/arm-none-eabi/5.3.1/armv7-m/crtbegin.o
 .ARM.attributes
                0x0000004a       0x33 ..\obj\stm32f10x_gpio.o
 .ARM.attributes
                0x0000007d       0x21 ..\obj\startup_stm32f103xb.o
 .ARM.attributes
                0x0000009e       0x33 ..\obj\stm32f10x_rcc.o
 .ARM.attributes
                0x000000d1       0x33 ..\obj\system_stm32f1xx.o
 .ARM.attributes
                0x00000104       0x33 ..\obj\main.o
 .ARM.attributes
                0x00000137       0x33 ..\obj\stm32f10x_spi.o
 .ARM.attributes
                0x0000016a       0x1d c:/program files (x86)/gnu tools arm embedded/5.3 2016q1/bin/../lib/gcc/arm-none-eabi/5.3.1/armv7-m/crtn.o
LOAD ..\obj\stm32f10x_usart.o
LOAD ..\obj\stm32f10x_gpio.o
LOAD ..\obj\syscalls.o
LOAD ..\obj\startup_stm32f103xb.o
LOAD ..\obj\stm32f10x_rcc.o
LOAD ..\obj\system_stm32f1xx.o
LOAD ..\obj\main.o
LOAD ..\obj\stm32f10x_spi.o
START GROUP
LOAD c:/program files (x86)/gnu tools arm embedded/5.3 2016q1/bin/../lib/gcc/arm-none-eabi/5.3.1/armv7-m\libgcc.a
LOAD c:/program files (x86)/gnu tools arm embedded/5.3 2016q1/bin/../lib/gcc/arm-none-eabi/5.3.1/../../../../arm-none-eabi/lib/armv7-m\libg.a
LOAD c:/program files (x86)/gnu tools arm embedded/5.3 2016q1/bin/../lib/gcc/arm-none-eabi/5.3.1/../../../../arm-none-eabi/lib/armv7-m\libc.a
END GROUP
LOAD c:/program files (x86)/gnu tools arm embedded/5.3 2016q1/bin/../lib/gcc/arm-none-eabi/5.3.1/armv7-m/crtend.o
LOAD c:/program files (x86)/gnu tools arm embedded/5.3 2016q1/bin/../lib/gcc/arm-none-eabi/5.3.1/armv7-m/crtn.o
OUTPUT(SPI_with_stdperiph_lib.elf elf32-littlearm)

.debug_info     0x00000000     0x221c
 .debug_info    0x00000000      0x6f6 ..\obj\stm32f10x_gpio.o
 .debug_info    0x000006f6       0xda ..\obj\startup_stm32f103xb.o
 .debug_info    0x000007d0      0x8a3 ..\obj\stm32f10x_rcc.o
 .debug_info    0x00001073      0x3ac ..\obj\system_stm32f1xx.o
 .debug_info    0x0000141f      0x502 ..\obj\main.o
 .debug_info    0x00001921      0x8fb ..\obj\stm32f10x_spi.o

.debug_abbrev   0x00000000      0x7a4
 .debug_abbrev  0x00000000      0x1cc ..\obj\stm32f10x_gpio.o
 .debug_abbrev  0x000001cc       0x12 ..\obj\startup_stm32f103xb.o
 .debug_abbrev  0x000001de      0x1bc ..\obj\stm32f10x_rcc.o
 .debug_abbrev  0x0000039a      0x120 ..\obj\system_stm32f1xx.o
 .debug_abbrev  0x000004ba      0x16a ..\obj\main.o
 .debug_abbrev  0x00000624      0x180 ..\obj\stm32f10x_spi.o

.debug_aranges  0x00000000       0xc8
 .debug_aranges
                0x00000000       0x20 ..\obj\stm32f10x_gpio.o
 .debug_aranges
                0x00000020       0x28 ..\obj\startup_stm32f103xb.o
 .debug_aranges
                0x00000048       0x20 ..\obj\stm32f10x_rcc.o
 .debug_aranges
                0x00000068       0x20 ..\obj\system_stm32f1xx.o
 .debug_aranges
                0x00000088       0x20 ..\obj\main.o
 .debug_aranges
                0x000000a8       0x20 ..\obj\stm32f10x_spi.o

.debug_line     0x00000000      0xdab
 .debug_line    0x00000000      0x2c2 ..\obj\stm32f10x_gpio.o
 .debug_line    0x000002c2       0xb8 ..\obj\startup_stm32f103xb.o
 .debug_line    0x0000037a      0x30b ..\obj\stm32f10x_rcc.o
 .debug_line    0x00000685      0x1f8 ..\obj\system_stm32f1xx.o
 .debug_line    0x0000087d      0x255 ..\obj\main.o
 .debug_line    0x00000ad2      0x2d9 ..\obj\stm32f10x_spi.o

.debug_str      0x00000000      0xe84
 .debug_str     0x00000000      0x4ce ..\obj\stm32f10x_gpio.o
                                0x524 (size before relaxing)
 .debug_str     0x000004ce      0x463 ..\obj\stm32f10x_rcc.o
                                0x625 (size before relaxing)
 .debug_str     0x00000931       0xde ..\obj\system_stm32f1xx.o
                                0x288 (size before relaxing)
 .debug_str     0x00000a0f      0x192 ..\obj\main.o
                                0x453 (size before relaxing)
 .debug_str     0x00000ba1      0x2e3 ..\obj\stm32f10x_spi.o
                                0x608 (size before relaxing)

.comment        0x00000000       0x6e
 .comment       0x00000000       0x6e ..\obj\stm32f10x_gpio.o
                                 0x6f (size before relaxing)
 .comment       0x0000006e       0x6f ..\obj\stm32f10x_rcc.o
 .comment       0x0000006e       0x6f ..\obj\system_stm32f1xx.o
 .comment       0x0000006e       0x6f ..\obj\main.o
 .comment       0x0000006e       0x6f ..\obj\stm32f10x_spi.o

.debug_frame    0x00000000      0xc84
 .debug_frame   0x00000000      0x2d0 ..\obj\stm32f10x_gpio.o
 .debug_frame   0x000002d0      0x4f4 ..\obj\stm32f10x_rcc.o
 .debug_frame   0x000007c4       0x58 ..\obj\system_stm32f1xx.o
 .debug_frame   0x0000081c       0xc8 ..\obj\main.o
 .debug_frame   0x000008e4      0x3a0 ..\obj\stm32f10x_spi.o

.debug_ranges   0x00000000       0x20
 .debug_ranges  0x00000000       0x20 ..\obj\startup_stm32f103xb.o
